// Jest Snapshot v1, https://goo.gl/fbAQLP

exports[`AppComponent Debe hacer el match con el snapshot 1`] = `
<div
  id="root1"
>
  <router-outlet />
  
</div>
`;
