// Jest Snapshot v1, https://goo.gl/fbAQLP

exports[`IssuesListComponent Debe de hacer match con el snapshot 1`] = `
<div
  id="root1"
>
  <div
    class="flex flex-col w-full"
  >
    <div>
      <div
        class="text-3xl font-semibold tracking-tight leading-8"
      >
        Buscador de Issues
      </div>
      <div
        class="font-medium tracking-tight text-secondary"
      >
        Realice busquedas din√°micas de cualquier Issue en los repositorios publicos de Github
      </div>
    </div>
    <div
      class="mt-4"
    >
      <div
        class="flex gap-4 items-center"
      >
        <app-issue-search-field
          class="w-full"
        />
      </div>
      <div>
        <span
          class="text-sm font-semibold"
          id="count-issues"
        >
          0 Issues
        </span>
      </div>
    </div>
  </div>
  <div
    class="grid gap-8 w-full mt-4 grid-cols-1"
  >
    <div
      class="flex justify-center w-full"
    >
      <p
        class="text-secondary"
      >
        No se han encontrado Issues
      </p>
    </div>
    
    
  </div>
  
  
</div>
`;
